https://www.walmart.com.ar/limpieza-de-cocina